[16:21:02] [ServerMain/INFO]: [bootstrap] Running Java 24 (Java HotSpot(TM) 64-Bit Server VM 24.0.1+9-30; Oracle Corporation null) on Windows 11 10.0 (amd64)
[16:21:02] [ServerMain/INFO]: [bootstrap] Loading Paper 1.21.4-225-main@0767902 (2025-04-11T21:49:39Z) for Minecraft 1.21.4
[16:21:03] [ServerMain/INFO]: [PluginInitializerManager] Initializing plugins...
[16:21:03] [Paper Plugin Remapper Thread - 2/INFO]: [PluginRemapper] Remapping plugin 'plugins\worldedit-bukkit-7.3.11.jar'...
[16:21:05] [Paper Plugin Remapper Thread - 2/INFO]: [PluginRemapper] Done remapping plugin 'plugins\worldedit-bukkit-7.3.11.jar' in 1540ms.
[16:21:05] [ServerMain/INFO]: [PluginInitializerManager] Initialized 4 plugins
[16:21:05] [ServerMain/INFO]: [PluginInitializerManager] Bukkit plugins (4):
 - OnePlayerSleep (1.3), SkinsRestorer (15.6.2), UltimateTimber (4.1.0), WorldEdit (7.3.11+7055-8357a12)
[16:21:08] [ServerMain/INFO]: Environment: Environment[sessionHost=https://sessionserver.mojang.com, servicesHost=https://api.minecraftservices.com, name=PROD]
[16:21:09] [ServerMain/INFO]: Loaded 1370 recipes
[16:21:09] [ServerMain/INFO]: Loaded 1481 advancements
[16:21:09] [ServerMain/INFO]: [MCTypeRegistry] Initialising converters for DataConverter...
[16:21:10] [ServerMain/INFO]: [MCTypeRegistry] Finished initialising converters for DataConverter in 164,5ms
[16:21:10] [Server thread/INFO]: Starting minecraft server version 1.21.4
[16:21:10] [Server thread/INFO]: Loading properties
[16:21:10] [Server thread/INFO]: This server is running Paper version 1.21.4-225-main@0767902 (2025-04-11T21:49:39Z) (Implementing API version 1.21.4-R0.1-SNAPSHOT)
[16:21:10] [Server thread/INFO]: [spark] This server bundles the spark profiler. For more information please visit https://docs.papermc.io/paper/profiling
[16:21:10] [Server thread/INFO]: Server Ping Player Sample Count: 12
[16:21:10] [Server thread/INFO]: Using 4 threads for Netty based IO
[16:21:10] [Server thread/INFO]: [MoonriseCommon] Paper is using 3 worker threads, 1 I/O threads
[16:21:10] [Server thread/INFO]: [ChunkTaskScheduler] Chunk system is using population gen parallelism: true
[16:21:10] [Server console handler/WARN]: [org.jline] Failed to load history
java.lang.IllegalArgumentException: Bad history file syntax! The history file `.console_history` may be an older history: please remove it or use a different history file.
	at org.jline.reader.impl.history.DefaultHistory.addHistoryLine(DefaultHistory.java:175) ~[jline-reader-3.20.0.jar:?]
	at org.jline.reader.impl.history.DefaultHistory.addHistoryLine(DefaultHistory.java:165) ~[jline-reader-3.20.0.jar:?]
	at org.jline.reader.impl.history.DefaultHistory.lambda$load$0(DefaultHistory.java:86) ~[jline-reader-3.20.0.jar:?]
	at java.base/java.util.Iterator.forEachRemaining(Iterator.java:133) ~[?:?]
	at java.base/java.util.Spliterators$IteratorSpliterator.forEachRemaining(Spliterators.java:1939) ~[?:?]
	at java.base/java.util.stream.ReferencePipeline$Head.forEach(ReferencePipeline.java:807) ~[?:?]
	at org.jline.reader.impl.history.DefaultHistory.load(DefaultHistory.java:86) ~[jline-reader-3.20.0.jar:?]
	at org.jline.reader.impl.history.DefaultHistory.attach(DefaultHistory.java:69) ~[jline-reader-3.20.0.jar:?]
	at org.jline.reader.impl.LineReaderImpl.readLine(LineReaderImpl.java:603) ~[jline-reader-3.20.0.jar:?]
	at org.jline.reader.impl.LineReaderImpl.readLine(LineReaderImpl.java:468) ~[jline-reader-3.20.0.jar:?]
	at net.minecrell.terminalconsole.SimpleTerminalConsole.readCommands(SimpleTerminalConsole.java:158) ~[terminalconsoleappender-1.3.0.jar:?]
	at net.minecrell.terminalconsole.SimpleTerminalConsole.start(SimpleTerminalConsole.java:141) ~[terminalconsoleappender-1.3.0.jar:?]
	at net.minecraft.server.dedicated.DedicatedServer$1.run(DedicatedServer.java:109) ~[paper-1.21.4.jar:1.21.4-225-0767902]
[16:21:10] [Server thread/INFO]: Default game type: SURVIVAL
[16:21:10] [Server thread/INFO]: Generating keypair
[16:21:10] [Server thread/INFO]: Starting Minecraft server on *:25565
[16:21:10] [Server thread/INFO]: Using default channel type
[16:21:10] [Server thread/INFO]: Paper: Using Java compression from Velocity.
[16:21:10] [Server thread/INFO]: Paper: Using Java cipher from Velocity.
[16:21:11] [Server thread/WARN]: [org.bukkit.craftbukkit.legacy.CraftLegacy] Initializing Legacy Material Support. Unless you have legacy plugins and/or data this is a bug!
[16:21:15] [Server thread/WARN]: Legacy plugin OnePlayerSleep v1.3 does not specify an api-version.
[16:21:15] [Server thread/INFO]: [WorldEdit] Loading server plugin WorldEdit v7.3.11+7055-8357a12
[16:21:16] [Server thread/INFO]: Got request to register class com.sk89q.worldedit.bukkit.BukkitServerInterface with WorldEdit [com.sk89q.worldedit.extension.platform.PlatformManager@775949b9]
[16:21:16] [Server thread/INFO]: [WorldEdit] Default configuration file written: config.yml
[16:21:16] [Server thread/INFO]: [UltimateTimber] Loading server plugin UltimateTimber v4.1.0
[16:21:16] [Server thread/INFO]: [com.songoda.ultimatetimber.core.CoreLogger] [UltimateTimber] [SongodaCore] Loading dependency com.github.cryptomorin:XSeries:13.2.0 from https://repo1.maven.org/maven2
[16:21:16] [Server thread/INFO]: [com.songoda.ultimatetimber.core.CoreLogger] [UltimateTimber] [SongodaCore] Loaded dependency 'XSeries-13.2.0' successfully.
[16:21:16] [Server thread/INFO]: [com.songoda.ultimatetimber.core.CoreLogger] [UltimateTimber] [SongodaCore] ----------------------------
[16:21:16] [Server thread/INFO]: [com.songoda.ultimatetimber.core.CoreLogger] [UltimateTimber] [SongodaCore] Loading dependency org.apache.commons:commons-lang3:3.14.0 from https://repo1.maven.org/maven2
[16:21:16] [Server thread/INFO]: [com.songoda.ultimatetimber.core.CoreLogger] [UltimateTimber] [SongodaCore] Loaded dependency 'commons-lang3-3.14.0' successfully.
[16:21:16] [Server thread/INFO]: [com.songoda.ultimatetimber.core.CoreLogger] [UltimateTimber] [SongodaCore] ----------------------------
[16:21:16] [Server thread/INFO]: [com.songoda.ultimatetimber.core.CoreLogger] [UltimateTimber] [SongodaCore] Loading dependency org.mariadb.jdbc:mariadb-java-client:3.2.0 from https://repo1.maven.org/maven2
[16:21:16] [Server thread/INFO]: [com.songoda.ultimatetimber.core.CoreLogger] [UltimateTimber] [SongodaCore] Loaded dependency 'mariadb-java-client-3.2.0' successfully.
[16:21:16] [Server thread/INFO]: [com.songoda.ultimatetimber.core.CoreLogger] [UltimateTimber] [SongodaCore] ----------------------------
[16:21:16] [Server thread/INFO]: [com.songoda.ultimatetimber.core.CoreLogger] [UltimateTimber] [SongodaCore] Loading dependency org.reactivestreams:reactive-streams:1.0.2 from https://repo1.maven.org/maven2
[16:21:16] [Server thread/INFO]: [com.songoda.ultimatetimber.core.CoreLogger] [UltimateTimber] [SongodaCore] Loaded dependency 'reactive-streams-1.0.2' successfully.
[16:21:16] [Server thread/INFO]: [com.songoda.ultimatetimber.core.CoreLogger] [UltimateTimber] [SongodaCore] ----------------------------
[16:21:16] [Server thread/INFO]: [com.songoda.ultimatetimber.core.CoreLogger] [UltimateTimber] [SongodaCore] Loading dependency org.jooq:jooq:3.14.16 from https://repo1.maven.org/maven2
[16:21:16] [Server thread/INFO]: [com.songoda.ultimatetimber.core.CoreLogger] [UltimateTimber] [SongodaCore] Loaded dependency 'jooq-3.14.16' successfully.
[16:21:16] [Server thread/INFO]: [com.songoda.ultimatetimber.core.CoreLogger] [UltimateTimber] [SongodaCore] ----------------------------
[16:21:16] [Server thread/INFO]: [com.songoda.ultimatetimber.core.CoreLogger] [UltimateTimber] [SongodaCore] Loading dependency org.slf4j:slf4j-api:2.0.11 from https://repo1.maven.org/maven2
[16:21:16] [Server thread/INFO]: [com.songoda.ultimatetimber.core.CoreLogger] [UltimateTimber] [SongodaCore] Loaded dependency 'slf4j-api-2.0.11' successfully.
[16:21:16] [Server thread/INFO]: [com.songoda.ultimatetimber.core.CoreLogger] [UltimateTimber] [SongodaCore] ----------------------------
[16:21:16] [Server thread/INFO]: [com.songoda.ultimatetimber.core.CoreLogger] [UltimateTimber] [SongodaCore] Loading dependency org.apache.commons:commons-text:1.12.0 from https://repo1.maven.org/maven2
[16:21:16] [Server thread/INFO]: [com.songoda.ultimatetimber.core.CoreLogger] [UltimateTimber] [SongodaCore] Loaded dependency 'commons-text-1.12.0' successfully.
[16:21:16] [Server thread/INFO]: [com.songoda.ultimatetimber.core.CoreLogger] [UltimateTimber] [SongodaCore] ----------------------------
[16:21:16] [Server thread/INFO]: [com.songoda.ultimatetimber.core.CoreLogger] [UltimateTimber] [SongodaCore] Loading dependency com.h2database:h2:1.4.200 from https://repo1.maven.org/maven2
[16:21:16] [Server thread/INFO]: [com.songoda.ultimatetimber.core.CoreLogger] [UltimateTimber] [SongodaCore] Loaded dependency 'h2-1.4.200' successfully.
[16:21:16] [Server thread/INFO]: [com.songoda.ultimatetimber.core.CoreLogger] [UltimateTimber] [SongodaCore] ----------------------------
[16:21:16] [Server thread/INFO]: [com.songoda.ultimatetimber.core.CoreLogger] [UltimateTimber] [SongodaCore] Loading dependency com.zaxxer:HikariCP:4.0.3 from https://repo1.maven.org/maven2
[16:21:16] [Server thread/INFO]: [com.songoda.ultimatetimber.core.CoreLogger] [UltimateTimber] [SongodaCore] Loaded dependency 'HikariCP-4.0.3' successfully.
[16:21:16] [Server thread/INFO]: [com.songoda.ultimatetimber.core.CoreLogger] [UltimateTimber] [SongodaCore] ----------------------------
[16:21:16] [Server thread/INFO]: [SkinsRestorer] Loading server plugin SkinsRestorer v15.6.2
[16:21:16] [Server thread/INFO]: [OnePlayerSleep] Loading server plugin OnePlayerSleep v1.3
[16:21:16] [Server thread/INFO]: Server permissions file permissions.yml is empty, ignoring it
[16:21:16] [Server thread/INFO]: [WorldEdit] Enabling WorldEdit v7.3.11+7055-8357a12
[16:21:16] [Server thread/INFO]: Registering commands with com.sk89q.worldedit.bukkit.BukkitServerInterface
[16:21:16] [Server thread/INFO]: WEPIF: Updated config file
[16:21:16] [Server thread/INFO]: WEPIF: Using the Bukkit Permissions API.
[16:21:16] [Server thread/INFO]: Using com.sk89q.worldedit.bukkit.adapter.impl.v1_21_4.PaperweightAdapter as the Bukkit adapter
[16:21:17] [Server thread/INFO]: [SkinsRestorer] Enabling SkinsRestorer v15.6.2
[16:21:17] [Server thread/WARN]: [SkinsRestorer] You must agree to the rules at 'commands.perSkinPermissionsConsent' in the config to use per skin permissions.
[16:21:17] [Server thread/INFO]: [SkinsRestorer] Running on Minecraft 1.21.4.
[16:21:17] [Server thread/INFO]: [SkinsRestorer] Using paper join listener!
[16:21:17] [Server thread/ERROR]: An unexpected error occurred while starting the plugin. Please check the console for more details.
net.skinsrestorer.shadow.gson.JsonSyntaxException: java.lang.IllegalStateException: Expected BEGIN_OBJECT but was STRING at line 1 column 1 path $
See https://github.com/google/gson/blob/main/Troubleshooting.md#unexpected-json-structure
	at SkinsRestorer.jar/net.skinsrestorer.shadow.gson.internal.bind.ReflectiveTypeAdapterFactory$Adapter.read(ReflectiveTypeAdapterFactory.java:519) ~[SkinsRestorer.jar:?]
	at SkinsRestorer.jar/net.skinsrestorer.shadow.gson.Gson.fromJson(Gson.java:1359) ~[SkinsRestorer.jar:?]
	at SkinsRestorer.jar/net.skinsrestorer.shadow.gson.Gson.fromJson(Gson.java:1260) ~[SkinsRestorer.jar:?]
	at SkinsRestorer.jar/net.skinsrestorer.shadow.gson.Gson.fromJson(Gson.java:1198) ~[SkinsRestorer.jar:?]
	at SkinsRestorer.jar/net.skinsrestorer.shared.connections.RecommendationsState.scheduleRecommendations(RecommendationsState.java:66) ~[SkinsRestorer.jar:?]
	at SkinsRestorer.jar/net.skinsrestorer.shared.plugin.SRPlugin.startup(SRPlugin.java:350) ~[SkinsRestorer.jar:?]
	at SkinsRestorer.jar/net.skinsrestorer.shared.plugin.SRBootstrapper.startPlugin(SRBootstrapper.java:62) ~[SkinsRestorer.jar:?]
	at SkinsRestorer.jar/net.skinsrestorer.bukkit.SRBukkitBootstrap.onEnable(SRBukkitBootstrap.java:45) ~[SkinsRestorer.jar:?]
	at org.bukkit.plugin.java.JavaPlugin.setEnabled(JavaPlugin.java:280) ~[paper-api-1.21.4-R0.1-SNAPSHOT.jar:?]
	at io.papermc.paper.plugin.manager.PaperPluginInstanceManager.enablePlugin(PaperPluginInstanceManager.java:202) ~[paper-1.21.4.jar:1.21.4-225-0767902]
	at io.papermc.paper.plugin.manager.PaperPluginManagerImpl.enablePlugin(PaperPluginManagerImpl.java:109) ~[paper-1.21.4.jar:1.21.4-225-0767902]
	at org.bukkit.plugin.SimplePluginManager.enablePlugin(SimplePluginManager.java:520) ~[paper-api-1.21.4-R0.1-SNAPSHOT.jar:?]
	at org.bukkit.craftbukkit.CraftServer.enablePlugin(CraftServer.java:657) ~[paper-1.21.4.jar:1.21.4-225-0767902]
	at org.bukkit.craftbukkit.CraftServer.enablePlugins(CraftServer.java:606) ~[paper-1.21.4.jar:1.21.4-225-0767902]
	at net.minecraft.server.dedicated.DedicatedServer.initServer(DedicatedServer.java:278) ~[paper-1.21.4.jar:1.21.4-225-0767902]
	at net.minecraft.server.MinecraftServer.runServer(MinecraftServer.java:1163) ~[paper-1.21.4.jar:1.21.4-225-0767902]
	at net.minecraft.server.MinecraftServer.lambda$spin$2(MinecraftServer.java:310) ~[paper-1.21.4.jar:1.21.4-225-0767902]
	at java.base/java.lang.Thread.run(Thread.java:1447) ~[?:?]
Caused by: java.lang.IllegalStateException: Expected BEGIN_OBJECT but was STRING at line 1 column 1 path $
See https://github.com/google/gson/blob/main/Troubleshooting.md#unexpected-json-structure
	at SkinsRestorer.jar/net.skinsrestorer.shadow.gson.stream.JsonReader.unexpectedTokenError(JsonReader.java:1831) ~[SkinsRestorer.jar:?]
	at SkinsRestorer.jar/net.skinsrestorer.shadow.gson.stream.JsonReader.beginObject(JsonReader.java:509) ~[SkinsRestorer.jar:?]
	at SkinsRestorer.jar/net.skinsrestorer.shadow.gson.internal.bind.ReflectiveTypeAdapterFactory$Adapter.read(ReflectiveTypeAdapterFactory.java:508) ~[SkinsRestorer.jar:?]
	... 17 more
[16:21:17] [Server thread/WARN]: Updater was not initialized, a error occurred while starting the plugin. Forcing updater to initialize.
[16:21:17] [Server thread/WARN]: **** SERVER IS RUNNING IN OFFLINE/INSECURE MODE!
[16:21:17] [Server thread/WARN]: The server will make no attempt to authenticate usernames. Beware.
[16:21:17] [Server thread/WARN]: While this makes the game possible to play without internet access, it also opens up the ability for hackers to connect with any username they choose.
[16:21:17] [Server thread/WARN]: To change this, set "online-mode" to "true" in the server.properties file.
[16:21:17] [Server thread/INFO]: Preparing level "world"
[16:21:17] [Folia Async Scheduler Thread #1/INFO]: [SkinsRestorer] ----------------------------------------------
[16:21:17] [Folia Async Scheduler Thread #1/INFO]: [SkinsRestorer]     +==================+
[16:21:17] [Folia Async Scheduler Thread #1/INFO]: [SkinsRestorer]     |   SkinsRestorer  |
[16:21:17] [Folia Async Scheduler Thread #1/INFO]: [SkinsRestorer]     |------------------|
[16:21:17] [Folia Async Scheduler Thread #1/INFO]: [SkinsRestorer]     |    Error Mode    |
[16:21:17] [Folia Async Scheduler Thread #1/INFO]: [SkinsRestorer]     +==================+
[16:21:17] [Folia Async Scheduler Thread #1/INFO]: [SkinsRestorer] ----------------------------------------------
[16:21:17] [Folia Async Scheduler Thread #1/INFO]: [SkinsRestorer]     Version: 15.6.2
[16:21:17] [Folia Async Scheduler Thread #1/INFO]: [SkinsRestorer]     Commit: 7bda5de
[16:21:17] [Folia Async Scheduler Thread #1/INFO]: [SkinsRestorer]     This is the latest version!
[16:21:17] [Folia Async Scheduler Thread #1/INFO]: [SkinsRestorer] ----------------------------------------------
[16:21:17] [Folia Async Scheduler Thread #1/INFO]: [SkinsRestorer] Do you have issues? Read our troubleshooting guide: https://skinsrestorer.net/docs/troubleshooting
[16:21:17] [Folia Async Scheduler Thread #1/INFO]: [SkinsRestorer] Want to support SkinsRestorer? Consider donating: https://skinsrestorer.net/donate
[16:21:18] [Server thread/INFO]: Preparing start region for dimension minecraft:overworld
[16:21:18] [Server thread/INFO]: Preparing spawn area: 0%
[16:21:18] [Server thread/INFO]: Preparing spawn area: 0%
[16:21:19] [Server thread/INFO]: Time elapsed: 551 ms
[16:21:19] [Server thread/INFO]: Preparing start region for dimension minecraft:the_nether
[16:21:19] [Server thread/INFO]: Preparing spawn area: 0%
[16:21:19] [Server thread/INFO]: Time elapsed: 96 ms
[16:21:19] [Server thread/INFO]: Preparing start region for dimension minecraft:the_end
[16:21:19] [Server thread/INFO]: Preparing spawn area: 0%
[16:21:19] [Server thread/INFO]: Time elapsed: 52 ms
[16:21:19] [Server thread/INFO]: [UltimateTimber] Enabling UltimateTimber v4.1.0
[16:21:19] [Server thread/INFO]:  
[16:21:19] [Server thread/INFO]: =============================
[16:21:19] [Server thread/INFO]: UltimateTimber 4.1.0 by Songoda <3!
[16:21:19] [Server thread/INFO]: Action: Enabling...
[16:21:19] [Server thread/INFO]: [UltimateTimber] Loaded locale "en_US"
[16:21:19] [Server thread/INFO]: [com.songoda.ultimatetimber.core.CoreLogger] [UltimateTimber] [SongodaCore] [SongodaCore] Hooked UltimateTimber.
[16:21:19] [Server thread/INFO]: =============================
[16:21:19] [Server thread/INFO]:  
[16:21:19] [Server thread/INFO]: [OnePlayerSleep] Enabling OnePlayerSleep v1.3*
[16:21:19] [Server thread/INFO]: [spark] Starting background profiler...
[16:21:19] [Server thread/INFO]: [spark] The async-profiler engine is not supported for your os/arch (windows11/amd64), so the built-in Java engine will be used instead.
[16:21:19] [Server thread/INFO]: Done preparing level "world" (1.945s)
[16:21:19] [Server thread/INFO]: Running delayed init tasks
[16:21:19] [Server thread/INFO]: Done (17.843s)! For help, type "help"
[16:21:32] [User Authenticator #0/INFO]: UUID of player jptusk is 088cbee9-2d1b-3751-8e68-817ef14e85f6
[16:21:32] [Server thread/INFO]: jptusk joined the game
[16:21:32] [Server thread/INFO]: jptusk[/127.0.0.1:59646] logged in with entity id 156 at ([world]131.19492920396306, -27.0, 555.3313602980903)
[16:21:53] [User Authenticator #0/WARN]: [SkinsRestorer] Failed to get skin data for SkinIdentifier(identifier=339773c1-f8cf-4184-9cc3-b9879399fd71, skinVariant=null, skinType=PLAYER)
net.skinsrestorer.shared.storage.adapter.StorageAdapter$StorageException: net.skinsrestorer.shadow.gson.JsonSyntaxException: java.lang.IllegalStateException: Expected BEGIN_OBJECT but was STRING at line 1 column 1 path $
See https://github.com/google/gson/blob/main/Troubleshooting.md#unexpected-json-structure
	at SkinsRestorer.jar/net.skinsrestorer.shared.storage.adapter.file.FileAdapter.getPlayerSkinData(FileAdapter.java:251) ~[SkinsRestorer.jar:?]
	at SkinsRestorer.jar/net.skinsrestorer.shared.storage.SkinStorageImpl.getSkinDataByIdentifier(SkinStorageImpl.java:342) ~[SkinsRestorer.jar:?]
	at java.base/java.util.Optional.flatMap(Optional.java:289) ~[?:?]
	at SkinsRestorer.jar/net.skinsrestorer.shared.storage.PlayerStorageImpl.getSkinForPlayerResult(PlayerStorageImpl.java:281) ~[SkinsRestorer.jar:?]
	at SkinsRestorer.jar/net.skinsrestorer.shared.storage.PlayerStorageImpl.getSkinForPlayer(PlayerStorageImpl.java:273) ~[SkinsRestorer.jar:?]
	at SkinsRestorer.jar/net.skinsrestorer.shared.listeners.LoginProfileListenerAdapter.handleAsync(LoginProfileListenerAdapter.java:68) ~[SkinsRestorer.jar:?]
	at SkinsRestorer.jar/net.skinsrestorer.shared.listeners.LoginProfileListenerAdapter.lambda$handleLogin$0(LoginProfileListenerAdapter.java:50) ~[SkinsRestorer.jar:?]
	at SkinsRestorer.jar/net.skinsrestorer.bukkit.paper.PaperPlayerJoinEvent$1.runAsync(PaperPlayerJoinEvent.java:80) ~[SkinsRestorer.jar:?]
	at SkinsRestorer.jar/net.skinsrestorer.bukkit.paper.PaperPlayerJoinEvent$1.runAsync(PaperPlayerJoinEvent.java:52) ~[SkinsRestorer.jar:?]
	at SkinsRestorer.jar/net.skinsrestorer.shared.listeners.LoginProfileListenerAdapter.handleLogin(LoginProfileListenerAdapter.java:48) ~[SkinsRestorer.jar:?]
	at SkinsRestorer.jar/net.skinsrestorer.bukkit.paper.PaperPlayerJoinEvent.onAsyncPreLogin(PaperPlayerJoinEvent.java:48) ~[SkinsRestorer.jar:?]
	at co.aikar.timings.TimedEventExecutor.execute(TimedEventExecutor.java:80) ~[paper-api-1.21.4-R0.1-SNAPSHOT.jar:?]
	at org.bukkit.plugin.RegisteredListener.callEvent(RegisteredListener.java:70) ~[paper-api-1.21.4-R0.1-SNAPSHOT.jar:?]
	at io.papermc.paper.plugin.manager.PaperEventManager.callEvent(PaperEventManager.java:54) ~[paper-1.21.4.jar:1.21.4-225-0767902]
	at io.papermc.paper.plugin.manager.PaperPluginManagerImpl.callEvent(PaperPluginManagerImpl.java:131) ~[paper-1.21.4.jar:1.21.4-225-0767902]
	at org.bukkit.plugin.SimplePluginManager.callEvent(SimplePluginManager.java:628) ~[paper-api-1.21.4-R0.1-SNAPSHOT.jar:?]
	at net.minecraft.server.network.ServerLoginPacketListenerImpl.callPlayerPreLoginEvents(ServerLoginPacketListenerImpl.java:357) ~[paper-1.21.4.jar:1.21.4-225-0767902]
	at net.minecraft.server.network.ServerLoginPacketListenerImpl.lambda$handleHello$0(ServerLoginPacketListenerImpl.java:206) ~[paper-1.21.4.jar:1.21.4-225-0767902]
	at java.base/java.util.concurrent.ThreadPoolExecutor.runWorker(ThreadPoolExecutor.java:1095) ~[?:?]
	at java.base/java.util.concurrent.ThreadPoolExecutor$Worker.run(ThreadPoolExecutor.java:619) ~[?:?]
	at java.base/java.lang.Thread.run(Thread.java:1447) ~[?:?]
Caused by: net.skinsrestorer.shadow.gson.JsonSyntaxException: java.lang.IllegalStateException: Expected BEGIN_OBJECT but was STRING at line 1 column 1 path $
See https://github.com/google/gson/blob/main/Troubleshooting.md#unexpected-json-structure
	at SkinsRestorer.jar/net.skinsrestorer.shadow.gson.internal.bind.ReflectiveTypeAdapterFactory$Adapter.read(ReflectiveTypeAdapterFactory.java:519) ~[SkinsRestorer.jar:?]
	at SkinsRestorer.jar/net.skinsrestorer.shadow.gson.Gson.fromJson(Gson.java:1359) ~[SkinsRestorer.jar:?]
	at SkinsRestorer.jar/net.skinsrestorer.shadow.gson.Gson.fromJson(Gson.java:1260) ~[SkinsRestorer.jar:?]
	at SkinsRestorer.jar/net.skinsrestorer.shadow.gson.Gson.fromJson(Gson.java:1170) ~[SkinsRestorer.jar:?]
	at SkinsRestorer.jar/net.skinsrestorer.shadow.gson.Gson.fromJson(Gson.java:1107) ~[SkinsRestorer.jar:?]
	at SkinsRestorer.jar/net.skinsrestorer.shared.storage.adapter.file.FileAdapter.getPlayerSkinData(FileAdapter.java:247) ~[SkinsRestorer.jar:?]
	... 20 more
Caused by: java.lang.IllegalStateException: Expected BEGIN_OBJECT but was STRING at line 1 column 1 path $
See https://github.com/google/gson/blob/main/Troubleshooting.md#unexpected-json-structure
	at SkinsRestorer.jar/net.skinsrestorer.shadow.gson.stream.JsonReader.unexpectedTokenError(JsonReader.java:1831) ~[SkinsRestorer.jar:?]
	at SkinsRestorer.jar/net.skinsrestorer.shadow.gson.stream.JsonReader.beginObject(JsonReader.java:509) ~[SkinsRestorer.jar:?]
	at SkinsRestorer.jar/net.skinsrestorer.shadow.gson.internal.bind.ReflectiveTypeAdapterFactory$Adapter.read(ReflectiveTypeAdapterFactory.java:508) ~[SkinsRestorer.jar:?]
	at SkinsRestorer.jar/net.skinsrestorer.shadow.gson.Gson.fromJson(Gson.java:1359) ~[SkinsRestorer.jar:?]
	at SkinsRestorer.jar/net.skinsrestorer.shadow.gson.Gson.fromJson(Gson.java:1260) ~[SkinsRestorer.jar:?]
	at SkinsRestorer.jar/net.skinsrestorer.shadow.gson.Gson.fromJson(Gson.java:1170) ~[SkinsRestorer.jar:?]
	at SkinsRestorer.jar/net.skinsrestorer.shadow.gson.Gson.fromJson(Gson.java:1107) ~[SkinsRestorer.jar:?]
	at SkinsRestorer.jar/net.skinsrestorer.shared.storage.adapter.file.FileAdapter.getPlayerSkinData(FileAdapter.java:247) ~[SkinsRestorer.jar:?]
	... 20 more
[16:21:53] [User Authenticator #0/INFO]: UUID of player bilbord is d3511339-62fb-3171-ab27-7ec9aefbcacc
[16:21:54] [Server thread/INFO]: bilbord joined the game
[16:21:54] [Server thread/INFO]: bilbord[/[0:0:0:0:0:0:0:1]:59713] logged in with entity id 442 at ([world]-90.44422098879548, 107.91966097971017, 31.590470081064463)
[16:21:58] [Server thread/INFO]: bilbord issued server command: //wand
[16:22:11] [Server thread/INFO]: bilbord issued server command: //set 1
[16:22:19] [Server thread/INFO]: bilbord issued server command: //set dirt
[16:22:21] [Server thread/INFO]: bilbord issued server command: //set grass_block
[16:22:41] [Server thread/INFO]: bilbord issued server command: //set 0
[16:22:54] [Server thread/INFO]: bilbord issued server command: //set -
[16:22:57] [Server thread/INFO]: bilbord issued server command: //set 0
[16:23:08] [Server thread/INFO]: bilbord issued server command: //set 0
[16:23:50] [Server thread/INFO]: bilbord issued server command: //set 0
[16:24:12] [Server thread/INFO]: bilbord issued server command: //set grass_block
[16:24:16] [Server thread/INFO]: bilbord issued server command: //set 0
[16:24:26] [Server thread/INFO]: bilbord issued server command: //set 0
[16:24:28] [Server thread/INFO]: bilbord issued server command: //set grass_block
[16:25:20] [Server thread/INFO]: bilbord issued server command: //set grass_block
[16:25:31] [Server thread/INFO]: bilbord issued server command: //set grass_block
[16:27:25] [Server thread/INFO]: bilbord issued server command: //set cyan_terracotta
[16:27:36] [Server thread/INFO]: bilbord issued server command: //set cyan_terracotta
[16:28:54] [Server thread/INFO]: bilbord issued server command: //set grass_block
[16:29:06] [Server thread/INFO]: bilbord issued server command: //set -
[16:29:07] [Server thread/INFO]: bilbord issued server command: //set 0
[16:29:17] [Server thread/INFO]: bilbord issued server command: //undo
[16:29:18] [Server thread/INFO]: bilbord issued server command: //undo
[16:29:19] [Server thread/INFO]: bilbord issued server command: //undo
[16:29:19] [Server thread/INFO]: bilbord issued server command: //undo
[16:29:20] [Server thread/INFO]: bilbord issued server command: //undo
[16:29:20] [Server thread/INFO]: bilbord issued server command: //undo
[16:29:20] [Server thread/INFO]: bilbord issued server command: //undo
[16:29:21] [Server thread/INFO]: bilbord issued server command: //undo
[16:29:22] [Server thread/INFO]: bilbord issued server command: //undo
[16:29:22] [Server thread/INFO]: bilbord issued server command: //undo
[16:29:22] [Server thread/INFO]: bilbord issued server command: //undo
[16:29:23] [Server thread/INFO]: bilbord issued server command: //undo
[16:29:23] [Server thread/INFO]: bilbord issued server command: //undo
[16:29:24] [Server thread/INFO]: bilbord issued server command: //undo
[16:29:24] [Server thread/INFO]: bilbord issued server command: //undo
[16:29:25] [Server thread/INFO]: bilbord issued server command: //undo
[16:29:25] [Server thread/INFO]: bilbord issued server command: //undo
[16:30:24] [Server thread/INFO]: bilbord issued server command: //set -
[16:30:25] [Server thread/INFO]: bilbord issued server command: //set 0
[16:30:54] [Server thread/INFO]: bilbord issued server command: //set grass_block
[16:30:59] [Server thread/INFO]: jptusk has reached the goal [Revaulting]
[16:31:41] [Server thread/INFO]: bilbord issued server command: //set -
[16:31:42] [Server thread/INFO]: bilbord issued server command: //set 0
[16:32:27] [Server thread/INFO]: bilbord issued server command: //set -
[16:32:29] [Server thread/INFO]: bilbord issued server command: //set 0
[16:32:46] [Server thread/INFO]: bilbord issued server command: //set 0
[16:33:23] [Server thread/INFO]: bilbord issued server command: //set grass_block
[16:33:45] [Server thread/INFO]: bilbord issued server command: //set granite
[16:33:48] [Server thread/INFO]: bilbord issued server command: //set grass_block
[16:34:21] [Server thread/INFO]: bilbord issued server command: //set grass_block
[16:35:05] [Server thread/INFO]: bilbord issued server command: //set cyan_terracotta
[16:37:07] [Server thread/INFO]: bilbord issued server command: //set grass_block
[16:37:59] [Server thread/INFO]: bilbord issued server command: //set cyan_terracotta
[16:38:36] [Server thread/INFO]: jptusk has made the advancement [Sound of Music]
[16:39:04] [Server thread/INFO]: bilbord issued server command: //set cyan_terracotta
[16:39:35] [Server thread/INFO]: bilbord issued server command: //set cyan_terracotta
[16:39:39] [Server thread/INFO]: bilbord issued server command: //set cyan_terracotta
[16:39:42] [Server thread/INFO]: bilbord issued server command: //set cyan_terracotta
[16:39:46] [Server thread/INFO]: bilbord issued server command: //set cyan_terracotta
[16:39:49] [Server thread/INFO]: bilbord issued server command: //set cyan_terracotta
[16:39:57] [Server thread/INFO]: bilbord issued server command: //set cyan_terracotta
[16:40:03] [Server thread/INFO]: bilbord issued server command: //set cyan_terracotta
[16:40:06] [Server thread/INFO]: bilbord issued server command: //set cyan_terracotta
[16:40:15] [Server thread/INFO]: bilbord issued server command: //undo
[16:40:16] [Server thread/INFO]: bilbord issued server command: //undo
[16:40:16] [Server thread/INFO]: bilbord issued server command: //undo
[16:42:42] [Server thread/INFO]: bilbord issued server command: /skin random
[16:42:42] [ForkJoinPool.commonPool-worker-8/WARN]: [SkinsRestorer] No random skins available, skipping
[16:42:46] [Server thread/INFO]: bilbord issued server command: /skin random
[16:42:46] [ForkJoinPool.commonPool-worker-9/WARN]: [SkinsRestorer] No random skins available, skipping
[16:42:56] [Server thread/INFO]: bilbord issued server command: /skin history
[16:42:56] [ForkJoinPool.commonPool-worker-8/WARN]: [SkinsRestorer] Failed to get skin data for SkinIdentifier(identifier=339773c1-f8cf-4184-9cc3-b9879399fd71, skinVariant=null, skinType=PLAYER)
net.skinsrestorer.shared.storage.adapter.StorageAdapter$StorageException: net.skinsrestorer.shadow.gson.JsonSyntaxException: java.lang.IllegalStateException: Expected BEGIN_OBJECT but was STRING at line 1 column 1 path $
See https://github.com/google/gson/blob/main/Troubleshooting.md#unexpected-json-structure
	at SkinsRestorer.jar/net.skinsrestorer.shared.storage.adapter.file.FileAdapter.getPlayerSkinData(FileAdapter.java:251) ~[SkinsRestorer.jar:?]
	at SkinsRestorer.jar/net.skinsrestorer.shared.storage.SkinStorageImpl.resolveSkinName(SkinStorageImpl.java:274) ~[SkinsRestorer.jar:?]
	at SkinsRestorer.jar/net.skinsrestorer.shared.commands.SkinCommand.onSkinHistoryOther(SkinCommand.java:432) ~[SkinsRestorer.jar:?]
	at SkinsRestorer.jar/net.skinsrestorer.shared.commands.SkinCommand.onSkinHistory(SkinCommand.java:412) ~[SkinsRestorer.jar:?]
	at java.base/java.lang.invoke.MethodHandle.invokeWithArguments(MethodHandle.java:735) ~[?:?]
	at java.base/java.lang.invoke.MethodHandle.invokeWithArguments(MethodHandle.java:760) ~[?:?]
	at SkinsRestorer.jar/net.skinsrestorer.shadow.cloud.annotations.MethodCommandExecutionHandler.executeFuture(MethodCommandExecutionHandler.java:88) ~[SkinsRestorer.jar:?]
	at SkinsRestorer.jar/net.skinsrestorer.shadow.cloud.execution.ExecutionCoordinatorImpl.lambda$coordinateExecution$4(ExecutionCoordinatorImpl.java:121) ~[SkinsRestorer.jar:?]
	at java.base/java.util.concurrent.CompletableFuture$UniCompose.tryFire(CompletableFuture.java:1196) ~[?:?]
	at java.base/java.util.concurrent.CompletableFuture$Completion.exec(CompletableFuture.java:529) ~[?:?]
	at java.base/java.util.concurrent.ForkJoinTask.doExec(ForkJoinTask.java:507) ~[?:?]
	at java.base/java.util.concurrent.ForkJoinPool$WorkQueue.topLevelExec(ForkJoinPool.java:1394) ~[?:?]
	at java.base/java.util.concurrent.ForkJoinPool.runWorker(ForkJoinPool.java:1970) ~[?:?]
	at java.base/java.util.concurrent.ForkJoinWorkerThread.run(ForkJoinWorkerThread.java:187) ~[?:?]
Caused by: net.skinsrestorer.shadow.gson.JsonSyntaxException: java.lang.IllegalStateException: Expected BEGIN_OBJECT but was STRING at line 1 column 1 path $
See https://github.com/google/gson/blob/main/Troubleshooting.md#unexpected-json-structure
	at SkinsRestorer.jar/net.skinsrestorer.shadow.gson.internal.bind.ReflectiveTypeAdapterFactory$Adapter.read(ReflectiveTypeAdapterFactory.java:519) ~[SkinsRestorer.jar:?]
	at SkinsRestorer.jar/net.skinsrestorer.shadow.gson.Gson.fromJson(Gson.java:1359) ~[SkinsRestorer.jar:?]
	at SkinsRestorer.jar/net.skinsrestorer.shadow.gson.Gson.fromJson(Gson.java:1260) ~[SkinsRestorer.jar:?]
	at SkinsRestorer.jar/net.skinsrestorer.shadow.gson.Gson.fromJson(Gson.java:1170) ~[SkinsRestorer.jar:?]
	at SkinsRestorer.jar/net.skinsrestorer.shadow.gson.Gson.fromJson(Gson.java:1107) ~[SkinsRestorer.jar:?]
	at SkinsRestorer.jar/net.skinsrestorer.shared.storage.adapter.file.FileAdapter.getPlayerSkinData(FileAdapter.java:247) ~[SkinsRestorer.jar:?]
	... 13 more
Caused by: java.lang.IllegalStateException: Expected BEGIN_OBJECT but was STRING at line 1 column 1 path $
See https://github.com/google/gson/blob/main/Troubleshooting.md#unexpected-json-structure
	at SkinsRestorer.jar/net.skinsrestorer.shadow.gson.stream.JsonReader.unexpectedTokenError(JsonReader.java:1831) ~[SkinsRestorer.jar:?]
	at SkinsRestorer.jar/net.skinsrestorer.shadow.gson.stream.JsonReader.beginObject(JsonReader.java:509) ~[SkinsRestorer.jar:?]
	at SkinsRestorer.jar/net.skinsrestorer.shadow.gson.internal.bind.ReflectiveTypeAdapterFactory$Adapter.read(ReflectiveTypeAdapterFactory.java:508) ~[SkinsRestorer.jar:?]
	at SkinsRestorer.jar/net.skinsrestorer.shadow.gson.Gson.fromJson(Gson.java:1359) ~[SkinsRestorer.jar:?]
	at SkinsRestorer.jar/net.skinsrestorer.shadow.gson.Gson.fromJson(Gson.java:1260) ~[SkinsRestorer.jar:?]
	at SkinsRestorer.jar/net.skinsrestorer.shadow.gson.Gson.fromJson(Gson.java:1170) ~[SkinsRestorer.jar:?]
	at SkinsRestorer.jar/net.skinsrestorer.shadow.gson.Gson.fromJson(Gson.java:1107) ~[SkinsRestorer.jar:?]
	at SkinsRestorer.jar/net.skinsrestorer.shared.storage.adapter.file.FileAdapter.getPlayerSkinData(FileAdapter.java:247) ~[SkinsRestorer.jar:?]
	... 13 more
[16:44:08] [Server thread/INFO]: bilbord issued server command: //wand
[16:44:13] [Server thread/INFO]: bilbord issued server command: //wand
[16:44:26] [Server thread/INFO]: bilbord issued server command: //copy
[16:44:32] [Server thread/INFO]: bilbord issued server command: //paste
[16:44:37] [Server thread/INFO]: bilbord issued server command: //undo
[16:44:38] [Server thread/INFO]: bilbord issued server command: //paste
[16:44:44] [Server thread/INFO]: bilbord issued server command: //undo
[16:44:46] [Server thread/INFO]: bilbord issued server command: //paste
[16:44:48] [Server thread/INFO]: bilbord issued server command: //undo
[16:44:54] [Server thread/INFO]: bilbord issued server command: //paste
[16:45:01] [Server thread/INFO]: bilbord issued server command: //rotate
[16:45:05] [Server thread/INFO]: bilbord issued server command: //undo
[16:45:07] [Server thread/INFO]: bilbord issued server command: //rotate
[16:45:10] [Server thread/INFO]: bilbord issued server command: //rotate
[16:45:12] [Server thread/INFO]: bilbord issued server command: //paste
[16:45:14] [Server thread/INFO]: bilbord issued server command: //undo
[16:45:31] [Server thread/INFO]: Villager Villager['Villager'/612, uuid='c2d6c23d-afc3-4219-a705-491002dbe4c8', l='ServerLevel[world]', x=80.70, y=60.05, z=-19.30, cpos=[5, -2], tl=23466, v=true] died, message: 'Villager was squished too much'
[16:47:05] [Server thread/INFO]: bilbord issued server command: //set bric
[16:47:08] [Server thread/INFO]: bilbord issued server command: //set bricks
[16:48:20] [Server thread/INFO]: bilbord issued server command: /time set day
[16:48:20] [Server thread/INFO]: [bilbord: Set the time to 1000]
[16:48:28] [Server thread/INFO]: bilbord issued server command: //set bricks
[16:48:39] [Server thread/INFO]: bilbord issued server command: //set grass_block
[16:49:17] [Server thread/INFO]: bilbord issued server command: //set bricks
[16:49:23] [Server thread/INFO]: bilbord issued server command: //set grass_block
[16:49:40] [Server thread/INFO]: bilbord issued server command: //set cyan_terracotta
[16:49:45] [Server thread/INFO]: bilbord issued server command: //set cyan_terracotta
[16:51:14] [Server thread/INFO]: bilbord issued server command: //set bricks
[16:51:58] [Server thread/INFO]: bilbord issued server command: //set bricks
[16:52:00] [User Authenticator #1/WARN]: [SkinsRestorer] Failed to get skin from cache for Antekgol
net.skinsrestorer.shared.storage.adapter.StorageAdapter$StorageException: net.skinsrestorer.shadow.gson.JsonSyntaxException: java.lang.IllegalStateException: Expected BEGIN_OBJECT but was STRING at line 1 column 1 path $
See https://github.com/google/gson/blob/main/Troubleshooting.md#unexpected-json-structure
	at SkinsRestorer.jar/net.skinsrestorer.shared.storage.adapter.file.FileAdapter.getCachedUUID(FileAdapter.java:674) ~[SkinsRestorer.jar:?]
	at SkinsRestorer.jar/net.skinsrestorer.shared.storage.CacheStorageImpl.getCachedData(CacheStorageImpl.java:86) ~[SkinsRestorer.jar:?]
	at SkinsRestorer.jar/net.skinsrestorer.shared.storage.SkinStorageImpl.getPlayerSkin(SkinStorageImpl.java:146) ~[SkinsRestorer.jar:?]
	at SkinsRestorer.jar/net.skinsrestorer.shared.storage.SkinStorageImpl.getPlayerSkin(SkinStorageImpl.java:134) ~[SkinsRestorer.jar:?]
	at SkinsRestorer.jar/net.skinsrestorer.shared.storage.PlayerStorageImpl.getSkinForPlayerResult(PlayerStorageImpl.java:301) ~[SkinsRestorer.jar:?]
	at SkinsRestorer.jar/net.skinsrestorer.shared.storage.PlayerStorageImpl.getSkinForPlayer(PlayerStorageImpl.java:273) ~[SkinsRestorer.jar:?]
	at SkinsRestorer.jar/net.skinsrestorer.shared.listeners.LoginProfileListenerAdapter.handleAsync(LoginProfileListenerAdapter.java:68) ~[SkinsRestorer.jar:?]
	at SkinsRestorer.jar/net.skinsrestorer.shared.listeners.LoginProfileListenerAdapter.lambda$handleLogin$0(LoginProfileListenerAdapter.java:50) ~[SkinsRestorer.jar:?]
	at SkinsRestorer.jar/net.skinsrestorer.bukkit.paper.PaperPlayerJoinEvent$1.runAsync(PaperPlayerJoinEvent.java:80) ~[SkinsRestorer.jar:?]
	at SkinsRestorer.jar/net.skinsrestorer.bukkit.paper.PaperPlayerJoinEvent$1.runAsync(PaperPlayerJoinEvent.java:52) ~[SkinsRestorer.jar:?]
	at SkinsRestorer.jar/net.skinsrestorer.shared.listeners.LoginProfileListenerAdapter.handleLogin(LoginProfileListenerAdapter.java:48) ~[SkinsRestorer.jar:?]
	at SkinsRestorer.jar/net.skinsrestorer.bukkit.paper.PaperPlayerJoinEvent.onAsyncPreLogin(PaperPlayerJoinEvent.java:48) ~[SkinsRestorer.jar:?]
	at co.aikar.timings.TimedEventExecutor.execute(TimedEventExecutor.java:80) ~[paper-api-1.21.4-R0.1-SNAPSHOT.jar:?]
	at org.bukkit.plugin.RegisteredListener.callEvent(RegisteredListener.java:70) ~[paper-api-1.21.4-R0.1-SNAPSHOT.jar:?]
	at io.papermc.paper.plugin.manager.PaperEventManager.callEvent(PaperEventManager.java:54) ~[paper-1.21.4.jar:1.21.4-225-0767902]
	at io.papermc.paper.plugin.manager.PaperPluginManagerImpl.callEvent(PaperPluginManagerImpl.java:131) ~[paper-1.21.4.jar:1.21.4-225-0767902]
	at org.bukkit.plugin.SimplePluginManager.callEvent(SimplePluginManager.java:628) ~[paper-api-1.21.4-R0.1-SNAPSHOT.jar:?]
	at net.minecraft.server.network.ServerLoginPacketListenerImpl.callPlayerPreLoginEvents(ServerLoginPacketListenerImpl.java:357) ~[paper-1.21.4.jar:1.21.4-225-0767902]
	at net.minecraft.server.network.ServerLoginPacketListenerImpl.lambda$handleHello$0(ServerLoginPacketListenerImpl.java:206) ~[paper-1.21.4.jar:1.21.4-225-0767902]
	at java.base/java.util.concurrent.ThreadPoolExecutor.runWorker(ThreadPoolExecutor.java:1095) ~[?:?]
	at java.base/java.util.concurrent.ThreadPoolExecutor$Worker.run(ThreadPoolExecutor.java:619) ~[?:?]
	at java.base/java.lang.Thread.run(Thread.java:1447) ~[?:?]
Caused by: net.skinsrestorer.shadow.gson.JsonSyntaxException: java.lang.IllegalStateException: Expected BEGIN_OBJECT but was STRING at line 1 column 1 path $
See https://github.com/google/gson/blob/main/Troubleshooting.md#unexpected-json-structure
	at SkinsRestorer.jar/net.skinsrestorer.shadow.gson.internal.bind.ReflectiveTypeAdapterFactory$Adapter.read(ReflectiveTypeAdapterFactory.java:519) ~[SkinsRestorer.jar:?]
	at SkinsRestorer.jar/net.skinsrestorer.shadow.gson.Gson.fromJson(Gson.java:1359) ~[SkinsRestorer.jar:?]
	at SkinsRestorer.jar/net.skinsrestorer.shadow.gson.Gson.fromJson(Gson.java:1260) ~[SkinsRestorer.jar:?]
	at SkinsRestorer.jar/net.skinsrestorer.shadow.gson.Gson.fromJson(Gson.java:1170) ~[SkinsRestorer.jar:?]
	at SkinsRestorer.jar/net.skinsrestorer.shadow.gson.Gson.fromJson(Gson.java:1107) ~[SkinsRestorer.jar:?]
	at SkinsRestorer.jar/net.skinsrestorer.shared.storage.adapter.file.FileAdapter.getCachedUUID(FileAdapter.java:670) ~[SkinsRestorer.jar:?]
	... 21 more
Caused by: java.lang.IllegalStateException: Expected BEGIN_OBJECT but was STRING at line 1 column 1 path $
See https://github.com/google/gson/blob/main/Troubleshooting.md#unexpected-json-structure
	at SkinsRestorer.jar/net.skinsrestorer.shadow.gson.stream.JsonReader.unexpectedTokenError(JsonReader.java:1831) ~[SkinsRestorer.jar:?]
	at SkinsRestorer.jar/net.skinsrestorer.shadow.gson.stream.JsonReader.beginObject(JsonReader.java:509) ~[SkinsRestorer.jar:?]
	at SkinsRestorer.jar/net.skinsrestorer.shadow.gson.internal.bind.ReflectiveTypeAdapterFactory$Adapter.read(ReflectiveTypeAdapterFactory.java:508) ~[SkinsRestorer.jar:?]
	at SkinsRestorer.jar/net.skinsrestorer.shadow.gson.Gson.fromJson(Gson.java:1359) ~[SkinsRestorer.jar:?]
	at SkinsRestorer.jar/net.skinsrestorer.shadow.gson.Gson.fromJson(Gson.java:1260) ~[SkinsRestorer.jar:?]
	at SkinsRestorer.jar/net.skinsrestorer.shadow.gson.Gson.fromJson(Gson.java:1170) ~[SkinsRestorer.jar:?]
	at SkinsRestorer.jar/net.skinsrestorer.shadow.gson.Gson.fromJson(Gson.java:1107) ~[SkinsRestorer.jar:?]
	at SkinsRestorer.jar/net.skinsrestorer.shared.storage.adapter.file.FileAdapter.getCachedUUID(FileAdapter.java:670) ~[SkinsRestorer.jar:?]
	... 21 more
[16:52:00] [User Authenticator #1/INFO]: UUID of player Antekgol is 16fc6484-d674-3243-a604-0c5efb78ed20
[16:52:00] [Server thread/ERROR]: Unable to parse Stat data from .\world\stats\16fc6484-d674-3243-a604-0c5efb78ed20.json
com.google.gson.JsonSyntaxException: com.google.gson.stream.MalformedJsonException: Use JsonReader.setStrictness(Strictness.LENIENT) to accept malformed JSON at line 1 column 1 path $
See https://github.com/google/gson/blob/main/Troubleshooting.md#malformed-json
	at com.google.gson.internal.Streams.parse(Streams.java:58) ~[gson-2.11.0.jar:?]
	at net.minecraft.stats.ServerStatsCounter.parseLocal(ServerStatsCounter.java:94) ~[paper-1.21.4.jar:1.21.4-225-0767902]
	at net.minecraft.stats.ServerStatsCounter.<init>(ServerStatsCounter.java:47) ~[paper-1.21.4.jar:1.21.4-225-0767902]
	at net.minecraft.server.players.PlayerList.getPlayerStats(PlayerList.java:1313) ~[paper-1.21.4.jar:1.21.4-225-0767902]
	at net.minecraft.server.players.PlayerList.getPlayerStats(PlayerList.java:1295) ~[paper-1.21.4.jar:1.21.4-225-0767902]
	at net.minecraft.server.level.ServerPlayer.<init>(ServerPlayer.java:440) ~[paper-1.21.4.jar:1.21.4-225-0767902]
	at net.minecraft.server.players.PlayerList.canPlayerLogin(PlayerList.java:632) ~[paper-1.21.4.jar:1.21.4-225-0767902]
	at net.minecraft.server.network.ServerLoginPacketListenerImpl.verifyLoginAndFinishConnectionSetup(ServerLoginPacketListenerImpl.java:228) ~[paper-1.21.4.jar:1.21.4-225-0767902]
	at net.minecraft.server.network.ServerLoginPacketListenerImpl.tick(ServerLoginPacketListenerImpl.java:115) ~[paper-1.21.4.jar:1.21.4-225-0767902]
	at net.minecraft.network.Connection.tick(Connection.java:607) ~[paper-1.21.4.jar:1.21.4-225-0767902]
	at net.minecraft.server.network.ServerConnectionListener.tick(ServerConnectionListener.java:256) ~[paper-1.21.4.jar:1.21.4-225-0767902]
	at net.minecraft.server.MinecraftServer.tickConnection(MinecraftServer.java:1762) ~[paper-1.21.4.jar:1.21.4-225-0767902]
	at net.minecraft.server.dedicated.DedicatedServer.tickConnection(DedicatedServer.java:427) ~[paper-1.21.4.jar:1.21.4-225-0767902]
	at net.minecraft.server.MinecraftServer.tickChildren(MinecraftServer.java:1738) ~[paper-1.21.4.jar:1.21.4-225-0767902]
	at net.minecraft.server.MinecraftServer.tickServer(MinecraftServer.java:1529) ~[paper-1.21.4.jar:1.21.4-225-0767902]
	at net.minecraft.server.MinecraftServer.runServer(MinecraftServer.java:1251) ~[paper-1.21.4.jar:1.21.4-225-0767902]
	at net.minecraft.server.MinecraftServer.lambda$spin$2(MinecraftServer.java:310) ~[paper-1.21.4.jar:1.21.4-225-0767902]
	at java.base/java.lang.Thread.run(Thread.java:1447) ~[?:?]
Caused by: com.google.gson.stream.MalformedJsonException: Use JsonReader.setStrictness(Strictness.LENIENT) to accept malformed JSON at line 1 column 1 path $
See https://github.com/google/gson/blob/main/Troubleshooting.md#malformed-json
	at com.google.gson.stream.JsonReader.syntaxError(JsonReader.java:1754) ~[gson-2.11.0.jar:?]
	at com.google.gson.stream.JsonReader.checkLenient(JsonReader.java:1550) ~[gson-2.11.0.jar:?]
	at com.google.gson.stream.JsonReader.doPeek(JsonReader.java:676) ~[gson-2.11.0.jar:?]
	at com.google.gson.stream.JsonReader.peek(JsonReader.java:507) ~[gson-2.11.0.jar:?]
	at com.google.gson.internal.Streams.parse(Streams.java:44) ~[gson-2.11.0.jar:?]
	... 17 more
[16:52:01] [Server thread/INFO]: Antekgol joined the game
[16:52:01] [Server thread/INFO]: Antekgol[/[0:0:0:0:0:0:0:1]:65232] logged in with entity id 11251 at ([world]-7.671195814161983, 104.0, 28.32131640707007)
[16:56:31] [Server thread/INFO]: bilbord issued server command: //set warped_fence, warped_fence_gate
[16:56:41] [Server thread/INFO]: bilbord issued server command: //set warped_fence
[16:56:54] [Server thread/INFO]: bilbord issued server command: //set grass_block
[16:59:28] [Server thread/INFO]: bilbord issued server command: //set light_blue_terracotta
[16:59:52] [Server thread/INFO]: bilbord issued server command: //set light_blue_terracotta
[17:01:06] [Server thread/INFO]: bilbord issued server command: //set light_blue_terracotta
[17:01:17] [Server thread/INFO]: bilbord issued server command: //set 0
[17:01:21] [Server thread/INFO]: bilbord issued server command: //set 0
[17:01:28] [Server thread/INFO]: bilbord issued server command: //set grass_block
[17:01:42] [Server thread/INFO]: bilbord issued server command: //set 0
[17:01:49] [Server thread/INFO]: bilbord issued server command: //set grass_block
[17:03:40] [Server thread/INFO]: bilbord issued server command: /time set day
[17:03:40] [Server thread/INFO]: [bilbord: Set the time to 1000]
[17:03:48] [Server thread/INFO]: Made jptusk a server operator
[17:03:53] [Server thread/INFO]: jptusk issued server command: /gamemode creative
[17:03:53] [Server thread/INFO]: [jptusk: Set own game mode to Creative Mode]
[17:05:06] [Server thread/INFO]: bilbord issued server command: //set stone,grass_block
[17:05:15] [Server thread/INFO]: bilbord issued server command: /undo
[17:06:37] [Server thread/INFO]: jptusk issued server command: /gamemode survival
[17:06:37] [Server thread/INFO]: [jptusk: Set own game mode to Survival Mode]
[17:07:03] [Server thread/INFO]: bilbord issued server command: //set light_blue_terracotta
[17:09:29] [Server thread/INFO]: bilbord issued server command: /vanish
[17:09:53] [Server thread/INFO]: bilbord issued server command: /effect @s minecraft:invisibility 20 1
[17:10:17] [Server thread/INFO]: bilbord issued server command: /effect give bilbord minecraft:invisibility infinite
[17:10:17] [Server thread/INFO]: [bilbord: Applied effect Invisibility to bilbord]
[17:11:09] [Server thread/INFO]: bilbord issued server command: /effect give bilbord minecraft:invisibility infinite
[17:11:12] [Server thread/INFO]: bilbord issued server command: /summon minecraft:lightning_bolt
[17:11:12] [Server thread/INFO]: [bilbord: Summoned new Lightning Bolt]
[17:11:20] [Server thread/INFO]: bilbord issued server command: /summon minecraft:lightning_bolt
[17:11:20] [Server thread/INFO]: [bilbord: Summoned new Lightning Bolt]
[17:11:22] [Server thread/INFO]: bilbord issued server command: /summon minecraft:lightning_bolt
[17:11:22] [Server thread/INFO]: [bilbord: Summoned new Lightning Bolt]
[17:11:23] [Server thread/INFO]: bilbord issued server command: /summon minecraft:lightning_bolt
[17:11:23] [Server thread/INFO]: [bilbord: Summoned new Lightning Bolt]
[17:11:23] [Server thread/INFO]: bilbord issued server command: /summon minecraft:lightning_bolt
[17:11:23] [Server thread/INFO]: [bilbord: Summoned new Lightning Bolt]
[17:11:31] [Server thread/INFO]: bilbord issued server command: /effect clear
[17:11:31] [Server thread/INFO]: [bilbord: Removed every effect from bilbord]
[17:12:25] [Server thread/INFO]: bilbord issued server command: //set cyan_terracotta
[17:12:31] [Server thread/INFO]: bilbord issued server command: //undo
[17:12:38] [Server thread/INFO]: bilbord issued server command: //set cyan_terracotta
[17:13:12] [Server thread/INFO]: bilbord issued server command: //set cyan_terracotta
[17:13:32] [Server thread/INFO]: bilbord issued server command: /time set day
[17:13:32] [Server thread/INFO]: [bilbord: Set the time to 1000]
[17:13:56] [Server thread/INFO]: bilbord issued server command: //set light_blue_terracotta
[17:14:41] [Server thread/INFO]: Antekgol lost connection: Disconnected
[17:14:41] [Server thread/INFO]: Antekgol left the game
[17:18:25] [Server thread/INFO]: bilbord issued server command: //set warped_fence
[17:21:06] [Server thread/INFO]: bilbord issued server command: //set cyan_terracotta
[17:21:24] [Server thread/INFO]: bilbord issued server command: //set cyan_terracotta
[17:23:19] [Server thread/INFO]: bilbord issued server command: /time set day
[17:23:19] [Server thread/INFO]: [bilbord: Set the time to 1000]
[17:26:25] [User Authenticator #2/INFO]: UUID of player exdi9 is 56c49fbd-1316-3c34-9042-bb4344b86bf4
[17:26:25] [Server thread/INFO]: exdi9 joined the game
[17:26:25] [Server thread/INFO]: exdi9[/[0:0:0:0:0:0:0:1]:55177] logged in with entity id 20085 at ([world]93.0598404031642, 127.5625, -18.731824140892456)
[17:27:01] [Server thread/INFO]: bilbord issued server command: /summon minecraft:lightning_bolt
[17:27:01] [Server thread/INFO]: [bilbord: Summoned new Lightning Bolt]
[17:27:02] [Server thread/INFO]: bilbord issued server command: /summon minecraft:lightning_bolt
[17:27:02] [Server thread/INFO]: [bilbord: Summoned new Lightning Bolt]
[17:29:03] [Server thread/INFO]: bilbord issued server command: //set cyan_terracotta
[17:29:09] [Server thread/INFO]: bilbord issued server command: //set cyan_terracotta
[17:31:49] [Server thread/INFO]: bilbord issued server command: /tp jptusk
[17:31:49] [Server thread/INFO]: [bilbord: Teleported bilbord to jptusk]
[17:33:12] [Server thread/INFO]: bilbord issued server command: /time set day
[17:33:12] [Server thread/INFO]: [bilbord: Set the time to 1000]
[17:33:16] [Server thread/INFO]: bilbord issued server command: /tp exdi9
[17:33:16] [Server thread/INFO]: [bilbord: Teleported bilbord to exdi9]
[17:34:34] [Server thread/INFO]: bilbord issued server command: //set 0
[17:34:40] [Server thread/INFO]: bilbord issued server command: //set grass_block
[17:34:43] [Server thread/INFO]: bilbord issued server command: //undo
[17:34:44] [Server thread/INFO]: bilbord issued server command: //undo
[17:34:46] [Server thread/INFO]: bilbord issued server command: //undo
[17:34:49] [Server thread/INFO]: bilbord issued server command: /redo
[17:35:24] [Server thread/INFO]: jptusk issued server command: /gamemode spectator
[17:35:24] [Server thread/INFO]: [jptusk: Set own game mode to Spectator Mode]
[17:35:34] [Server thread/INFO]: bilbord issued server command: //set 0
[17:35:35] [Server thread/INFO]: Villager Villager['Villager'/598, uuid='f40f356e-c537-4f7d-bdbe-490c0562fe95', l='ServerLevel[world]', x=83.41, y=55.00, z=-19.70, cpos=[5, -2], tl=83542, v=true] died, message: 'Villager hit the ground too hard'
[17:35:35] [Server thread/INFO]: Villager Villager['Villager'/606, uuid='041e4e06-30a4-4667-bf37-6d72b1c43d8f', l='ServerLevel[world]', x=83.41, y=55.00, z=-19.70, cpos=[5, -2], tl=83542, v=true] died, message: 'Villager hit the ground too hard'
[17:35:35] [Server thread/INFO]: Villager Villager['Villager'/613, uuid='72a327aa-5fd9-4838-90c7-ec55c667d390', l='ServerLevel[world]', x=80.99, y=55.00, z=-16.64, cpos=[5, -2], tl=83543, v=true] died, message: 'Villager hit the ground too hard'
[17:35:43] [Server thread/INFO]: Villager Villager['Villager'/616, uuid='8605d4bd-1518-4d88-a9b5-c9985c401b30', l='ServerLevel[world]', x=80.58, y=58.54, z=-18.74, cpos=[5, -2], tl=83709, v=true] died, message: 'Villager was shot by exdi9'
[17:35:43] [Server thread/INFO]: jptusk issued server command: /gamemode survival
[17:35:43] [Server thread/INFO]: [jptusk: Set own game mode to Survival Mode]
[17:35:45] [Server thread/INFO]: jptusk lost connection: Disconnected
[17:35:45] [Server thread/INFO]: jptusk left the game
[17:35:51] [Server thread/INFO]: Villager Villager['Villager'/601, uuid='12d912f1-6772-414d-a808-32902f37bdf2', l='ServerLevel[world]', x=81.21, y=55.00, z=-16.64, cpos=[5, -2], tl=83876, v=true] died, message: 'Villager was shot by exdi9'
[17:35:52] [Server thread/INFO]: Villager Villager['Villager'/611, uuid='8b86629b-654c-4ee6-b866-ab1a978dcd0f', l='ServerLevel[world]', x=82.53, y=55.00, z=-18.69, cpos=[5, -2], tl=83901, v=true] died, message: 'Villager was shot by exdi9'
[17:35:54] [Server thread/INFO]: Villager Villager['Villager'/619, uuid='223e4161-dcef-450d-9d57-2f14fa65dc89', l='ServerLevel[world]', x=83.54, y=55.00, z=-17.11, cpos=[5, -2], tl=83923, v=true] died, message: 'Villager was shot by exdi9'
[17:36:28] [Server thread/INFO]: bilbord issued server command: //replace smooth_stone diamond_block
[17:36:34] [User Authenticator #3/INFO]: UUID of player jptusk is 088cbee9-2d1b-3751-8e68-817ef14e85f6
[17:36:35] [Server thread/INFO]: jptusk joined the game
[17:36:35] [Server thread/INFO]: jptusk[/127.0.0.1:57037] logged in with entity id 22345 at ([world]41.710357692809055, 120.0, -133.74126256549073)
[17:36:39] [Server thread/INFO]: bilbord issued server command: //replace smooth_stone dirt
[17:36:48] [Server thread/INFO]: bilbord issued server command: //replace diamond_block dirt
[17:37:06] [Server thread/INFO]: bilbord issued server command: //undo
[17:37:07] [Server thread/INFO]: bilbord issued server command: //undo
[17:37:20] [Server thread/INFO]: exdi9 lost connection: Disconnected
[17:37:20] [Server thread/INFO]: exdi9 left the game
[17:37:31] [Server thread/INFO]: bilbord issued server command: //set tnt
[17:38:00] [Server thread/INFO]: bilbord issued server command: /gamemode survival
[17:38:00] [Server thread/INFO]: [bilbord: Set own game mode to Survival Mode]
[17:38:03] [Server thread/INFO]: jptusk issued server command: /gamemode creative
[17:38:03] [Server thread/INFO]: [jptusk: Set own game mode to Creative Mode]
[17:38:22] [Server thread/INFO]: bilbord issued server command: /gamemode creative
[17:38:22] [Server thread/INFO]: [bilbord: Set own game mode to Creative Mode]
[17:39:12] [Server thread/WARN]: Can't keep up! Is the server overloaded? Running 2510ms or 50 ticks behind
[17:39:35] [Server thread/WARN]: Can't keep up! Is the server overloaded? Running 7725ms or 154 ticks behind
[17:39:46] [Server thread/INFO]: bilbord issued server command: //set tnt
[17:39:53] [Server thread/INFO]: bilbord issued server command: //undo
[17:40:00] [Server thread/WARN]: Can't keep up! Is the server overloaded? Running 10501ms or 210 ticks behind
[17:40:01] [Server thread/INFO]: bilbord issued server command: //set smooth_stone tnt
[17:40:04] [Server thread/INFO]: bilbord issued server command: //set smooth_stone tnt
[17:40:14] [Server thread/INFO]: bilbord issued server command: //replace smooth_stone tnt
[17:40:29] [Server thread/WARN]: Can't keep up! Is the server overloaded? Running 13468ms or 269 ticks behind
[17:40:56] [Server thread/WARN]: Can't keep up! Is the server overloaded? Running 12383ms or 247 ticks behind
[17:41:23] [Server thread/WARN]: Can't keep up! Is the server overloaded? Running 12525ms or 250 ticks behind
[17:41:34] [Server thread/INFO]: bilbord issued server command: /tp -26 100 2
[17:41:34] [Server thread/INFO]: [bilbord: Teleported bilbord to -25.500000, 100.000000, 2.500000]
[17:41:41] [Server thread/INFO]: bilbord issued server command: //set 0
[17:41:43] [Server thread/INFO]: Named entity Cat['Pedał'/790, uuid='2785a84d-5508-473e-b8ed-8df570166040', l='ServerLevel[world]', x=34.48, y=119.00, z=-136.52, cpos=[2, -9], tl=89381, v=true] died: Pedał was blown up by jptusk
[17:41:49] [Server thread/WARN]: Can't keep up! Is the server overloaded? Running 10892ms or 217 ticks behind
[17:41:58] [Server thread/INFO]: bilbord issued server command: /tp -26 100 2
[17:41:58] [Server thread/INFO]: [bilbord: Teleported bilbord to -25.500000, 100.000000, 2.500000]
[17:42:15] [Server thread/WARN]: Can't keep up! Is the server overloaded? Running 11026ms or 220 ticks behind
[17:42:40] [Server thread/WARN]: Can't keep up! Is the server overloaded? Running 10094ms or 201 ticks behind
[17:43:07] [Server thread/WARN]: Can't keep up! Is the server overloaded? Running 11786ms or 235 ticks behind
[17:43:33] [Server thread/WARN]: Can't keep up! Is the server overloaded? Running 10583ms or 211 ticks behind
[17:43:57] [Server thread/WARN]: Can't keep up! Is the server overloaded? Running 9344ms or 186 ticks behind
[17:44:01] [Server thread/INFO]: bilbord issued server command: //replace grass_block tnt
[17:44:08] [Server thread/INFO]: bilbord issued server command: //replace diamond_block
[17:44:15] [Server thread/INFO]: Named entity Cat['Cwel'/757, uuid='b276bba4-ea0d-46ad-9764-c60b1c9ad59f', l='ServerLevel[world]', x=27.30, y=120.50, z=-137.47, cpos=[1, -9], tl=86150, v=true] died: Cwel was blown up by jptusk
[17:44:21] [Server thread/WARN]: Can't keep up! Is the server overloaded? Running 9247ms or 184 ticks behind
[17:44:45] [Server thread/WARN]: Can't keep up! Is the server overloaded? Running 8490ms or 169 ticks behind
[17:45:09] [Server thread/WARN]: Can't keep up! Is the server overloaded? Running 9264ms or 185 ticks behind
[17:45:24] [Server thread/INFO]: bilbord issued server command: /summon minecraft:wither
[17:45:24] [Server thread/INFO]: [bilbord: Summoned new Wither]
[17:45:25] [Server thread/INFO]: bilbord issued server command: /summon minecraft:wither
[17:45:25] [Server thread/INFO]: [bilbord: Summoned new Wither]
[17:45:26] [Server thread/INFO]: bilbord issued server command: /summon minecraft:wither
[17:45:26] [Server thread/INFO]: [bilbord: Summoned new Wither]
[17:45:26] [Server thread/INFO]: bilbord issued server command: /summon minecraft:wither
[17:45:26] [Server thread/INFO]: [bilbord: Summoned new Wither]
[17:45:26] [Server thread/INFO]: bilbord issued server command: /summon minecraft:wither
[17:45:26] [Server thread/INFO]: [bilbord: Summoned new Wither]
[17:45:27] [Server thread/INFO]: bilbord issued server command: /summon minecraft:wither
[17:45:27] [Server thread/INFO]: [bilbord: Summoned new Wither]
[17:45:27] [Server thread/INFO]: bilbord issued server command: /summon minecraft:wither
[17:45:27] [Server thread/INFO]: [bilbord: Summoned new Wither]
[17:45:28] [Server thread/INFO]: bilbord issued server command: /summon minecraft:wither
[17:45:28] [Server thread/INFO]: [bilbord: Summoned new Wither]
[17:45:28] [Server thread/INFO]: bilbord issued server command: /summon minecraft:wither
[17:45:28] [Server thread/INFO]: [bilbord: Summoned new Wither]
[17:45:28] [Server thread/INFO]: bilbord issued server command: /summon minecraft:wither
[17:45:28] [Server thread/INFO]: [bilbord: Summoned new Wither]
[17:45:29] [Server thread/INFO]: bilbord issued server command: /summon minecraft:wither
[17:45:29] [Server thread/INFO]: [bilbord: Summoned new Wither]
[17:45:29] [Server thread/INFO]: bilbord issued server command: /summon minecraft:wither
[17:45:29] [Server thread/INFO]: [bilbord: Summoned new Wither]
[17:45:34] [Server thread/INFO]: bilbord issued server command: /summon minecraft:wither
[17:45:34] [Server thread/INFO]: [bilbord: Summoned new Wither]
[17:45:35] [Server thread/WARN]: Can't keep up! Is the server overloaded? Running 10813ms or 216 ticks behind
[17:45:35] [Server thread/INFO]: bilbord issued server command: /summon minecraft:wither
[17:45:35] [Server thread/INFO]: [bilbord: Summoned new Wither]
[17:45:36] [Server thread/INFO]: bilbord issued server command: /summon minecraft:wither
[17:45:36] [Server thread/INFO]: [bilbord: Summoned new Wither]
[17:45:36] [Server thread/INFO]: bilbord issued server command: /summon minecraft:wither
[17:45:36] [Server thread/INFO]: [bilbord: Summoned new Wither]
[17:45:36] [Server thread/INFO]: bilbord issued server command: /summon minecraft:wither
[17:45:36] [Server thread/INFO]: [bilbord: Summoned new Wither]
[17:45:36] [Server thread/INFO]: bilbord issued server command: /summon minecraft:wither
[17:45:36] [Server thread/INFO]: [bilbord: Summoned new Wither]
[17:45:37] [Server thread/INFO]: bilbord issued server command: /summon minecraft:wither
[17:45:37] [Server thread/INFO]: [bilbord: Summoned new Wither]
[17:45:37] [Server thread/INFO]: bilbord issued server command: /summon minecraft:wither
[17:45:37] [Server thread/INFO]: [bilbord: Summoned new Wither]
[17:45:42] [Server thread/INFO]: bilbord issued server command: /summon minecraft:ender_dragon
[17:45:42] [Server thread/INFO]: [bilbord: Summoned new Ender Dragon]
[17:46:01] [Server thread/INFO]: bilbord issued server command: /summon minecraft:ender_dragon
[17:46:01] [Server thread/INFO]: [bilbord: Summoned new Ender Dragon]
[17:46:02] [Server thread/WARN]: Can't keep up! Is the server overloaded? Running 12625ms or 252 ticks behind
[17:46:29] [Server thread/INFO]: bilbord issued server command: /summon minecraft:ender_dragon
[17:46:29] [Server thread/INFO]: [bilbord: Summoned new Ender Dragon]
[17:46:29] [Server thread/WARN]: Can't keep up! Is the server overloaded? Running 11660ms or 233 ticks behind
[17:46:35] [Server thread/INFO]: bilbord issued server command: /summon minecraft:ender_dragon
[17:46:35] [Server thread/INFO]: [bilbord: Summoned new Ender Dragon]
[17:46:35] [Server thread/INFO]: bilbord issued server command: /summon minecraft:ender_dragon
[17:46:35] [Server thread/INFO]: [bilbord: Summoned new Ender Dragon]
[17:46:36] [Server thread/INFO]: bilbord issued server command: /summon minecraft:ender_dragon
[17:46:36] [Server thread/INFO]: [bilbord: Summoned new Ender Dragon]
[17:46:37] [Server thread/INFO]: bilbord issued server command: /summon minecraft:ender_dragon
[17:46:37] [Server thread/INFO]: [bilbord: Summoned new Ender Dragon]
[17:46:42] [Server thread/INFO]: bilbord issued server command: /gamemode survival
[17:46:42] [Server thread/INFO]: [bilbord: Set own game mode to Survival Mode]
[17:46:55] [Server thread/WARN]: Can't keep up! Is the server overloaded? Running 10814ms or 216 ticks behind
[17:46:56] [Server thread/INFO]: bilbord issued server command: /gamemode creative
[17:46:56] [Server thread/INFO]: [bilbord: Set own game mode to Creative Mode]
[17:47:02] [Server thread/INFO]: bilbord issued server command: /gamemode survival jptusk
[17:47:02] [Server thread/INFO]: [bilbord: Set jptusk's game mode to Survival Mode]
[17:47:18] [Server thread/WARN]: Can't keep up! Is the server overloaded? Running 8543ms or 170 ticks behind
[17:47:20] [Server thread/INFO]: jptusk issued server command: /gamemode creative
[17:47:20] [Server thread/INFO]: [jptusk: Set own game mode to Creative Mode]
[17:47:26] [Server thread/INFO]: jptusk issued server command: /ban bilbord
[17:47:26] [Server thread/INFO]: [jptusk: Banned bilbord: Banned by an operator.]
[17:47:26] [Server thread/INFO]: bilbord lost connection: You are banned from this server
[17:47:26] [Server thread/INFO]: bilbord left the game
[17:47:41] [Server thread/WARN]: Can't keep up! Is the server overloaded? Running 7567ms or 151 ticks behind
[17:47:45] [Server thread/INFO]: jptusk issued server command: /pardon bilbord
[17:47:45] [Server thread/INFO]: [jptusk: Unbanned bilbord]
[17:47:46] [Server thread/INFO]: jptusk lost connection: Disconnected
[17:47:46] [Server thread/INFO]: jptusk left the game
[17:47:55] [Server thread/INFO]: Stopping the server
[17:47:55] [Server thread/INFO]: Stopping server
[17:47:55] [Server thread/INFO]: [OnePlayerSleep] Disabling OnePlayerSleep v1.3
[17:47:55] [Server thread/INFO]: [SkinsRestorer] Disabling SkinsRestorer v15.6.2
[17:47:55] [Server thread/INFO]: [UltimateTimber] Disabling UltimateTimber v4.1.0
[17:47:55] [Server thread/INFO]:  
[17:47:55] [Server thread/INFO]: =============================
[17:47:55] [Server thread/INFO]: UltimateTimber 4.1.0 by Songoda <3!
[17:47:55] [Server thread/INFO]: Action: Disabling...
[17:47:55] [Server thread/INFO]: =============================
[17:47:55] [Server thread/INFO]:  
[17:47:55] [Server thread/INFO]: [WorldEdit] Disabling WorldEdit v7.3.11+7055-8357a12
[17:47:55] [Server thread/INFO]: Unregistering com.sk89q.worldedit.bukkit.BukkitServerInterface from WorldEdit
[17:47:55] [Server thread/INFO]: Saving players
[17:47:55] [Server thread/INFO]: Saving worlds
[17:47:55] [Server thread/INFO]: Saving chunks for level 'ServerLevel[world]'/minecraft:overworld
[17:47:55] [Server thread/INFO]: [ChunkHolderManager] Waiting 60s for chunk system to halt for world 'world'
[17:47:55] [Server thread/INFO]: [ChunkHolderManager] Halted chunk system for world 'world'
[17:47:55] [Server thread/INFO]: [ChunkHolderManager] Saving all chunkholders for world 'world'
[17:47:56] [Server thread/INFO]: [ChunkHolderManager] Saved 252 block chunks, 368 entity chunks, 8 poi chunks in world 'world' in 0,63s
[17:47:56] [Server thread/INFO]: [ChunkHolderManager] Waiting 60s for chunk I/O to halt for world 'world'
[17:47:56] [Server thread/INFO]: [ChunkHolderManager] Halted I/O scheduler for world 'world'
[17:47:56] [Server thread/INFO]: Saving chunks for level 'ServerLevel[world_nether]'/minecraft:the_nether
[17:47:56] [Server thread/INFO]: [ChunkHolderManager] Waiting 60s for chunk system to halt for world 'world_nether'
[17:47:56] [Server thread/INFO]: [ChunkHolderManager] Halted chunk system for world 'world_nether'
[17:47:56] [Server thread/INFO]: [ChunkHolderManager] Saving all chunkholders for world 'world_nether'
[17:47:56] [Server thread/INFO]: [ChunkHolderManager] Saved 1 block chunks, 6 entity chunks, 0 poi chunks in world 'world_nether' in 0,01s
[17:47:56] [Server thread/INFO]: [ChunkHolderManager] Waiting 60s for chunk I/O to halt for world 'world_nether'
[17:47:56] [Server thread/INFO]: [ChunkHolderManager] Halted I/O scheduler for world 'world_nether'
[17:47:56] [Server thread/INFO]: Saving chunks for level 'ServerLevel[world_the_end]'/minecraft:the_end
[17:47:56] [Server thread/INFO]: [ChunkHolderManager] Waiting 60s for chunk system to halt for world 'world_the_end'
[17:47:56] [Server thread/INFO]: [ChunkHolderManager] Halted chunk system for world 'world_the_end'
[17:47:56] [Server thread/INFO]: [ChunkHolderManager] Saving all chunkholders for world 'world_the_end'
[17:47:56] [Server thread/INFO]: [ChunkHolderManager] Saved 0 block chunks, 20 entity chunks, 0 poi chunks in world 'world_the_end' in 0,01s
[17:47:56] [Server thread/INFO]: [ChunkHolderManager] Waiting 60s for chunk I/O to halt for world 'world_the_end'
[17:47:56] [Server thread/INFO]: [ChunkHolderManager] Halted I/O scheduler for world 'world_the_end'
[17:47:56] [Server thread/INFO]: ThreadedAnvilChunkStorage (world): All chunks are saved
[17:47:56] [Server thread/INFO]: ThreadedAnvilChunkStorage (DIM-1): All chunks are saved
[17:47:56] [Server thread/INFO]: ThreadedAnvilChunkStorage (DIM1): All chunks are saved
[17:47:56] [Server thread/INFO]: ThreadedAnvilChunkStorage: All dimensions are saved
[17:47:56] [Server thread/INFO]: Waiting for I/O tasks to complete...
[17:47:56] [Server thread/INFO]: All I/O tasks to complete
[17:47:56] [Server thread/INFO]: [MoonriseCommon] Awaiting termination of worker pool for up to 60s...
[17:47:56] [Server thread/INFO]: [MoonriseCommon] Awaiting termination of I/O pool for up to 60s...
